// Jest Snapshot v1, https://goo.gl/fbAQLP

exports[`[GET] / returns a status 200 OK 1`] = `
Object {
  "api": "up!",
}
`;
